================================================================
== Design Size Report
================================================================

* Total Instructions per Compilation Phase
+---------------+-----------------------------+--------------+----------------------------------------------------------------------------------------+
| Phase         | Step                        | Instructions | Description                                                                            |
+---------------+-----------------------------+--------------+----------------------------------------------------------------------------------------+
| Compile/Link  |                             | 1,468        | After all functions are compiled and linked into a single design                       |
|               |                             |              |                                                                                        |
| Unroll/Inline |                             |              | After user unroll and inline pragmas are applied                                       |
|               | (1) unroll                  |   396        | user unroll pragmas are applied                                                        |
|               | (2) simplification          |   266        | simplification of applied user unroll pragmas                                          |
|               | (3) inline                  |   239        | user inline pragmas are applied                                                        |
|               | (4) simplification          |   230        | simplification of applied user inline pragmas                                          |
|               |                             |              |                                                                                        |
| Array/Struct  |                             |              | After user array partition and struct aggregate/disaggregate pragmas are applied       |
|               | (1) array partition         |   234        | user array partition pragmas are applied                                               |
|               | (2) simplification          |   234        | simplification of applied user array partition & struct aggregate/disaggregate pragmas |
|               | (3) aggregate/disaggregate  |   236        | user struct aggregate/disaggregate pragmas are applied                                 |
|               | (4) array reshape           |   238        | apply array reshape pragmas                                                            |
|               | (5) access patterns         |   263        | array access pattern optmizations                                                      |
|               |                             |              |                                                                                        |
| Performance   |                             |              | After transformations are applied to meet performance pragma targets                   |
|               | (1) loop simplification     |   248        | loop and instruction simplification                                                    |
|               | (2) parallelization         |   356        | loops are unrolled or pipelined to meet performance targets                            |
|               | (3) array partition         |   992        | arrays are partitioned to meet performance targets                                     |
|               | (4) simplification          |   762        | simplification of design after performance transformations                             |
|               |                             |              |                                                                                        |
| HW Transforms |                             |              | After hardware transfomations                                                          |
|               | (1) lowering                |   772        | initial conversion to HW specific instructions                                         |
|               | (2) optimizations           |   834        | high level synthesis optimizations                                                     |
+---------------+-----------------------------+--------------+----------------------------------------------------------------------------------------+

* Instructions per Function for each Compilation Phase
+-------------------------------+------------------+--------------+---------------+--------------+-------------+---------------+
| Function                      | Location         | Compile/Link | Unroll/Inline | Array/Struct | Performance | HW Transforms |
+-------------------------------+------------------+--------------+---------------+--------------+-------------+---------------+
| + main_func                   | main_func.cpp:21 | 1,468        | 230           | 263          | 762         | 834           |
|    load_weight_bias_from_DRAM | utils.cpp:6      |  100         |               |              |             |               |
|    load_input_from_DRAM       | utils.cpp:35     |  122         |               |              |             |               |
|    dw_conv3x3                 | dw_conv3x3.cpp:3 |  450         |               |              |             |               |
|    conv1x1                    | conv1x1.cpp:3    |  719         |               |              |             |               |
|    store_output_tile_to_DRAM  | utils.cpp:59     |   46         |               |              |             |               |
+-------------------------------+------------------+--------------+---------------+--------------+-------------+---------------+

* Design Size Message Settings
+---------------------------------------------+--------+------------------------------------------------------------------+
| Message Setting                             | Value  | Description                                                      |
+---------------------------------------------+--------+------------------------------------------------------------------+
| config_compile -design_size_maximum_warning | 100000 | Show a warning when total design instructions exceeds this value |
+---------------------------------------------+--------+------------------------------------------------------------------+


